Archive member included to satisfy reference by file (symbol)

c:/program files (x86)/atollic/truestudio for stm32 9.1.0/armtools/bin/../lib/gcc/arm-atollic-eabi/6.3.1/../../../../arm-atollic-eabi/lib/armv7e-m/fpu\libc_nano.a(lib_a-init.o)
                              startup\startup_stm32f411xe.o (__libc_init_array)
c:/program files (x86)/atollic/truestudio for stm32 9.1.0/armtools/bin/../lib/gcc/arm-atollic-eabi/6.3.1/../../../../arm-atollic-eabi/lib/armv7e-m/fpu\libc_nano.a(lib_a-memset.o)
                              Src\i2c.o (memset)
c:/program files (x86)/atollic/truestudio for stm32 9.1.0/armtools/bin/../lib/gcc/arm-atollic-eabi/6.3.1/../../../../arm-atollic-eabi/lib/armv7e-m/fpu\libc_nano.a(lib_a-snprintf.o)
                              Src\i2c_scan.o (snprintf)
c:/program files (x86)/atollic/truestudio for stm32 9.1.0/armtools/bin/../lib/gcc/arm-atollic-eabi/6.3.1/../../../../arm-atollic-eabi/lib/armv7e-m/fpu\libc_nano.a(lib_a-strlen.o)
                              Src\i2c_scan.o (strlen)
c:/program files (x86)/atollic/truestudio for stm32 9.1.0/armtools/bin/../lib/gcc/arm-atollic-eabi/6.3.1/../../../../arm-atollic-eabi/lib/armv7e-m/fpu\libc_nano.a(lib_a-impure.o)
                              c:/program files (x86)/atollic/truestudio for stm32 9.1.0/armtools/bin/../lib/gcc/arm-atollic-eabi/6.3.1/../../../../arm-atollic-eabi/lib/armv7e-m/fpu\libc_nano.a(lib_a-snprintf.o) (_impure_ptr)
c:/program files (x86)/atollic/truestudio for stm32 9.1.0/armtools/bin/../lib/gcc/arm-atollic-eabi/6.3.1/../../../../arm-atollic-eabi/lib/armv7e-m/fpu\libc_nano.a(lib_a-nano-svfprintf.o)
                              c:/program files (x86)/atollic/truestudio for stm32 9.1.0/armtools/bin/../lib/gcc/arm-atollic-eabi/6.3.1/../../../../arm-atollic-eabi/lib/armv7e-m/fpu\libc_nano.a(lib_a-snprintf.o) (_svfprintf_r)
c:/program files (x86)/atollic/truestudio for stm32 9.1.0/armtools/bin/../lib/gcc/arm-atollic-eabi/6.3.1/../../../../arm-atollic-eabi/lib/armv7e-m/fpu\libc_nano.a(lib_a-nano-vfprintf_i.o)
                              c:/program files (x86)/atollic/truestudio for stm32 9.1.0/armtools/bin/../lib/gcc/arm-atollic-eabi/6.3.1/../../../../arm-atollic-eabi/lib/armv7e-m/fpu\libc_nano.a(lib_a-nano-svfprintf.o) (_printf_i)
c:/program files (x86)/atollic/truestudio for stm32 9.1.0/armtools/bin/../lib/gcc/arm-atollic-eabi/6.3.1/../../../../arm-atollic-eabi/lib/armv7e-m/fpu\libc_nano.a(lib_a-memchr.o)
                              c:/program files (x86)/atollic/truestudio for stm32 9.1.0/armtools/bin/../lib/gcc/arm-atollic-eabi/6.3.1/../../../../arm-atollic-eabi/lib/armv7e-m/fpu\libc_nano.a(lib_a-nano-svfprintf.o) (memchr)
c:/program files (x86)/atollic/truestudio for stm32 9.1.0/armtools/bin/../lib/gcc/arm-atollic-eabi/6.3.1/../../../../arm-atollic-eabi/lib/armv7e-m/fpu\libc_nano.a(lib_a-memcpy-stub.o)
                              c:/program files (x86)/atollic/truestudio for stm32 9.1.0/armtools/bin/../lib/gcc/arm-atollic-eabi/6.3.1/../../../../arm-atollic-eabi/lib/armv7e-m/fpu\libc_nano.a(lib_a-nano-svfprintf.o) (memcpy)
c:/program files (x86)/atollic/truestudio for stm32 9.1.0/armtools/bin/../lib/gcc/arm-atollic-eabi/6.3.1/../../../../arm-atollic-eabi/lib/armv7e-m/fpu\libc_nano.a(lib_a-memmove.o)
                              c:/program files (x86)/atollic/truestudio for stm32 9.1.0/armtools/bin/../lib/gcc/arm-atollic-eabi/6.3.1/../../../../arm-atollic-eabi/lib/armv7e-m/fpu\libc_nano.a(lib_a-nano-svfprintf.o) (memmove)
c:/program files (x86)/atollic/truestudio for stm32 9.1.0/armtools/bin/../lib/gcc/arm-atollic-eabi/6.3.1/../../../../arm-atollic-eabi/lib/armv7e-m/fpu\libc_nano.a(lib_a-nano-freer.o)
                              c:/program files (x86)/atollic/truestudio for stm32 9.1.0/armtools/bin/../lib/gcc/arm-atollic-eabi/6.3.1/../../../../arm-atollic-eabi/lib/armv7e-m/fpu\libc_nano.a(lib_a-nano-svfprintf.o) (_free_r)
c:/program files (x86)/atollic/truestudio for stm32 9.1.0/armtools/bin/../lib/gcc/arm-atollic-eabi/6.3.1/../../../../arm-atollic-eabi/lib/armv7e-m/fpu\libc_nano.a(lib_a-nano-mallocr.o)
                              c:/program files (x86)/atollic/truestudio for stm32 9.1.0/armtools/bin/../lib/gcc/arm-atollic-eabi/6.3.1/../../../../arm-atollic-eabi/lib/armv7e-m/fpu\libc_nano.a(lib_a-nano-svfprintf.o) (_malloc_r)
c:/program files (x86)/atollic/truestudio for stm32 9.1.0/armtools/bin/../lib/gcc/arm-atollic-eabi/6.3.1/../../../../arm-atollic-eabi/lib/armv7e-m/fpu\libc_nano.a(lib_a-nano-reallocr.o)
                              c:/program files (x86)/atollic/truestudio for stm32 9.1.0/armtools/bin/../lib/gcc/arm-atollic-eabi/6.3.1/../../../../arm-atollic-eabi/lib/armv7e-m/fpu\libc_nano.a(lib_a-nano-svfprintf.o) (_realloc_r)
c:/program files (x86)/atollic/truestudio for stm32 9.1.0/armtools/bin/../lib/gcc/arm-atollic-eabi/6.3.1/../../../../arm-atollic-eabi/lib/armv7e-m/fpu\libc_nano.a(lib_a-sbrkr.o)
[...]
Memory Configuration

Name             Origin             Length             Attributes
RAM              0x20000000         0x00020000         xrw
FLASH            0x08000000         0x00080000         xr
*default*        0x00000000         0xffffffff

Linker script and memory map

LOAD c:/program files (x86)/atollic/truestudio for stm32 9.1.0/armtools/bin/../lib/gcc/arm-atollic-eabi/6.3.1/armv7e-m/fpu/crti.o
LOAD c:/program files (x86)/atollic/truestudio for stm32 9.1.0/armtools/bin/../lib/gcc/arm-atollic-eabi/6.3.1/armv7e-m/fpu/crtbegin.o
LOAD Drivers\STM32F4xx_HAL_Driver\Src\stm32f4xx_hal.o
LOAD Drivers\STM32F4xx_HAL_Driver\Src\stm32f4xx_hal_cortex.o
LOAD Drivers\STM32F4xx_HAL_Driver\Src\stm32f4xx_hal_dma.o
LOAD Drivers\STM32F4xx_HAL_Driver\Src\stm32f4xx_hal_dma_ex.o
LOAD Drivers\STM32F4xx_HAL_Driver\Src\stm32f4xx_hal_flash.o
LOAD Drivers\STM32F4xx_HAL_Driver\Src\stm32f4xx_hal_flash_ex.o
LOAD Drivers\STM32F4xx_HAL_Driver\Src\stm32f4xx_hal_flash_ramfunc.o
LOAD Drivers\STM32F4xx_HAL_Driver\Src\stm32f4xx_hal_gpio.o
LOAD Drivers\STM32F4xx_HAL_Driver\Src\stm32f4xx_hal_i2c.o
LOAD Drivers\STM32F4xx_HAL_Driver\Src\stm32f4xx_hal_i2c_ex.o
LOAD Drivers\STM32F4xx_HAL_Driver\Src\stm32f4xx_hal_pwr.o
LOAD Drivers\STM32F4xx_HAL_Driver\Src\stm32f4xx_hal_pwr_ex.o
LOAD Drivers\STM32F4xx_HAL_Driver\Src\stm32f4xx_hal_rcc.o
LOAD Drivers\STM32F4xx_HAL_Driver\Src\stm32f4xx_hal_rcc_ex.o
LOAD Drivers\STM32F4xx_HAL_Driver\Src\stm32f4xx_hal_tim.o
LOAD Drivers\STM32F4xx_HAL_Driver\Src\stm32f4xx_hal_tim_ex.o
LOAD Drivers\STM32F4xx_HAL_Driver\Src\stm32f4xx_hal_uart.o
LOAD Src\gpio.o
LOAD Src\i2c.o
LOAD Src\i2c_lcd_1602.o
LOAD Src\i2c_scan.o
LOAD Src\main.o
LOAD Src\stm32f4xx_hal_msp.o
LOAD Src\stm32f4xx_it.o
LOAD Src\system_stm32f4xx.o
LOAD Src\usart.o
LOAD startup\startup_stm32f411xe.o
                0x00000080                malloc_getpagesize_P = 0x80
START GROUP
LOAD c:/program files (x86)/atollic/truestudio for stm32 9.1.0/armtools/bin/../lib/gcc/arm-atollic-eabi/6.3.1/../../../../arm-atollic-eabi/lib/armv7e-m/fpu\libc_nano.a
LOAD c:/program files (x86)/atollic/truestudio for stm32 9.1.0/armtools/bin/../lib/gcc/arm-atollic-eabi/6.3.1/../../../../arm-atollic-eabi/lib/armv7e-m/fpu\libm.a
END GROUP
START GROUP
LOAD c:/program files (x86)/atollic/truestudio for stm32 9.1.0/armtools/bin/../lib/gcc/arm-atollic-eabi/6.3.1/armv7e-m/fpu\libgcc.a
LOAD c:/program files (x86)/atollic/truestudio for stm32 9.1.0/armtools/bin/../lib/gcc/arm-atollic-eabi/6.3.1/../../../../arm-atollic-eabi/lib/armv7e-m/fpu\libc_nano.a
END GROUP
START GROUP
LOAD c:/program files (x86)/atollic/truestudio for stm32 9.1.0/armtools/bin/../lib/gcc/arm-atollic-eabi/6.3.1/armv7e-m/fpu\libgcc.a
LOAD c:/program files (x86)/atollic/truestudio for stm32 9.1.0/armtools/bin/../lib/gcc/arm-atollic-eabi/6.3.1/../../../../arm-atollic-eabi/lib/armv7e-m/fpu\libc_nano.a
LOAD c:/program files (x86)/atollic/truestudio for stm32 9.1.0/armtools/bin/../lib/gcc/arm-atollic-eabi/6.3.1/../../../../arm-atollic-eabi/lib/armv7e-m/fpu\libnosys.a
END GROUP
START GROUP
LOAD c:/program files (x86)/atollic/truestudio for stm32 9.1.0/armtools/bin/../lib/gcc/arm-atollic-eabi/6.3.1/armv7e-m/fpu\libgcc.a
LOAD c:/program files (x86)/atollic/truestudio for stm32 9.1.0/armtools/bin/../lib/gcc/arm-atollic-eabi/6.3.1/../../../../arm-atollic-eabi/lib/armv7e-m/fpu\libc_nano.a
LOAD c:/program files (x86)/atollic/truestudio for stm32 9.1.0/armtools/bin/../lib/gcc/arm-atollic-eabi/6.3.1/../../../../arm-atollic-eabi/lib/armv7e-m/fpu\libnosys.a
END GROUP
LOAD c:/program files (x86)/atollic/truestudio for stm32 9.1.0/armtools/bin/../lib/gcc/arm-atollic-eabi/6.3.1/armv7e-m/fpu/crtend.o
LOAD c:/program files (x86)/atollic/truestudio for stm32 9.1.0/armtools/bin/../lib/gcc/arm-atollic-eabi/6.3.1/armv7e-m/fpu/crtn.o
                0x20020000                _estack = 0x20020000
                0x00000200                _Min_Heap_Size = 0x200
                0x00000400                _Min_Stack_Size = 0x400

.isr_vector     0x08000000      0x198
                0x08000000                . = ALIGN (0x4)
 *(.isr_vector)
 .isr_vector    0x08000000      0x198 startup\startup_stm32f411xe.o
                0x08000000                g_pfnVectors
                0x08000198                . = ALIGN (0x4)

.text           0x08000198     0x1888
                0x08000198                . = ALIGN (0x4)
 *(.text)
 .text          0x08000198       0x40 c:/program files (x86)/atollic/truestudio for stm32 9.1.0/armtools/bin/../lib/gcc/arm-atollic-eabi/6.3.1/armv7e-m/fpu/crtbegin.o
 .text          0x080001d8       0x30 c:/program files (x86)/atollic/truestudio for stm32 9.1.0/armtools/bin/../lib/gcc/arm-atollic-eabi/6.3.1/armv7e-m/fpu\libgcc.a(_aeabi_uldivmod.o)
                0x080001d8                __aeabi_uldivmod
 .text          0x08000208      0x2dc c:/program files (x86)/atollic/truestudio for stm32 9.1.0/armtools/bin/../lib/gcc/arm-atollic-eabi/6.3.1/armv7e-m/fpu\libgcc.a(_udivmoddi4.o)
                0x08000208                __udivmoddi4
 .text          0x080004e4        0x4 c:/program files (x86)/atollic/truestudio for stm32 9.1.0/armtools/bin/../lib/gcc/arm-atollic-eabi/6.3.1/armv7e-m/fpu\libgcc.a(_dvmd_tls.o)
                0x080004e4                __aeabi_idiv0
                0x080004e4                __aeabi_ldiv0
 *(.text*)
 .text.HAL_InitTick
                0x080004e8       0x48 Drivers\STM32F4xx_HAL_Driver\Src\stm32f4xx_hal.o
                0x080004e8                HAL_InitTick
 .text.HAL_Init
                0x08000530       0x34 Drivers\STM32F4xx_HAL_Driver\Src\stm32f4xx_hal.o
                0x08000530                HAL_Init
 .text.HAL_IncTick
                0x08000564       0x18 Drivers\STM32F4xx_HAL_Driver\Src\stm32f4xx_hal.o
                0x08000564                HAL_IncTick
 .text.HAL_GetTick
                0x0800057c        0xc Drivers\STM32F4xx_HAL_Driver\Src\stm32f4xx_hal.o
                0x0800057c                HAL_GetTick
 .text.HAL_Delay
                0x08000588       0x28 Drivers\STM32F4xx_HAL_Driver\Src\stm32f4xx_hal.o
                0x08000588                HAL_Delay
 .text.HAL_NVIC_SetPriorityGrouping
                0x080005b0       0x24 Drivers\STM32F4xx_HAL_Driver\Src\stm32f4xx_hal_cortex.o
                0x080005b0                HAL_NVIC_SetPriorityGrouping
 .text.HAL_NVIC_SetPriority
                0x080005d4       0x68 Drivers\STM32F4xx_HAL_Driver\Src\stm32f4xx_hal_cortex.o
                0x080005d4                HAL_NVIC_SetPriority
 .text.HAL_SYSTICK_Config
                0x0800063c       0x2c Drivers\STM32F4xx_HAL_Driver\Src\stm32f4xx_hal_cortex.o
                0x0800063c                HAL_SYSTICK_Config
 .text.HAL_GPIO_Init
                0x08000668      0x1ac Drivers\STM32F4xx_HAL_Driver\Src\stm32f4xx_hal_gpio.o
                0x08000668                HAL_GPIO_Init
 .text.I2C_IsAcknowledgeFailed
                0x08000814       0x2a Drivers\STM32F4xx_HAL_Driver\Src\stm32f4xx_hal_i2c.o
 .text.I2C_WaitOnMasterAddressFlagUntilTimeout
                0x0800083e       0x80 Drivers\STM32F4xx_HAL_Driver\Src\stm32f4xx_hal_i2c.o
 .text.I2C_WaitOnFlagUntilTimeout
                0x080008be       0x5c Drivers\STM32F4xx_HAL_Driver\Src\stm32f4xx_hal_i2c.o
 .text.I2C_WaitOnTXEFlagUntilTimeout
                0x0800091a       0x4c Drivers\STM32F4xx_HAL_Driver\Src\stm32f4xx_hal_i2c.o
 .text.I2C_WaitOnBTFFlagUntilTimeout
                0x08000966       0x4c Drivers\STM32F4xx_HAL_Driver\Src\stm32f4xx_hal_i2c.o
 *fill*         0x080009b2        0x2 
 .text.HAL_I2C_Init
                0x080009b4       0xdc Drivers\STM32F4xx_HAL_Driver\Src\stm32f4xx_hal_i2c.o
                0x080009b4                HAL_I2C_Init
 .text.HAL_I2C_Master_Transmit
                0x08000a90      0x1ac Drivers\STM32F4xx_HAL_Driver\Src\stm32f4xx_hal_i2c.o
                0x08000a90                HAL_I2C_Master_Transmit
 .text.HAL_I2C_IsDeviceReady
                0x08000c3c      0x15c Drivers\STM32F4xx_HAL_Driver\Src\stm32f4xx_hal_i2c.o
                0x08000c3c                HAL_I2C_IsDeviceReady
 .text.HAL_RCC_OscConfig
                0x08000d98      0x304 Drivers\STM32F4xx_HAL_Driver\Src\stm32f4xx_hal_rcc.o
                0x08000d98                HAL_RCC_OscConfig
 .text.HAL_RCC_GetSysClockFreq
                0x0800109c       0x5c Drivers\STM32F4xx_HAL_Driver\Src\stm32f4xx_hal_rcc.o
                0x0800109c                HAL_RCC_GetSysClockFreq
 .text.HAL_RCC_ClockConfig
                0x080010f8      0x134 Drivers\STM32F4xx_HAL_Driver\Src\stm32f4xx_hal_rcc.o
                0x080010f8                HAL_RCC_ClockConfig
 .text.HAL_RCC_GetPCLK1Freq
                0x0800122c       0x20 Drivers\STM32F4xx_HAL_Driver\Src\stm32f4xx_hal_rcc.o
                0x0800122c                HAL_RCC_GetPCLK1Freq
 .text.HAL_RCC_GetPCLK2Freq
                0x0800124c       0x20 Drivers\STM32F4xx_HAL_Driver\Src\stm32f4xx_hal_rcc.o
                0x0800124c                HAL_RCC_GetPCLK2Freq
 .text.UART_SetConfig
                0x0800126c      0x234 Drivers\STM32F4xx_HAL_Driver\Src\stm32f4xx_hal_uart.o
 .text.HAL_UART_Init
                0x080014a0       0x5c Drivers\STM32F4xx_HAL_Driver\Src\stm32f4xx_hal_uart.o
                0x080014a0                HAL_UART_Init
 .text.MX_GPIO_Init
                0x080014fc       0x4c Src\gpio.o
                0x080014fc                MX_GPIO_Init
 .text.MX_I2C1_Init
                0x08001548       0x40 Src\i2c.o
                0x08001548                MX_I2C1_Init
 .text.HAL_I2C_MspInit
                0x08001588       0x74 Src\i2c.o
                0x08001588                HAL_I2C_MspInit
 .text.LCD_SendInternal
                0x080015fc       0x6c Src\i2c_lcd_1602.o
                0x080015fc                LCD_SendInternal
 .text.LCD_SendCommand
                0x08001668        0x6 Src\i2c_lcd_1602.o
                0x08001668                LCD_SendCommand
 .text.LCD_SendData
                0x0800166e        0x6 Src\i2c_lcd_1602.o
                0x0800166e                LCD_SendData
 .text.LCD_Init
                0x08001674       0x30 Src\i2c_lcd_1602.o
                0x08001674                LCD_Init
 .text.backlight_disable
                0x080016a4        0xc Src\i2c_lcd_1602.o
                0x080016a4                backlight_disable
 .text.backlight_enable
                0x080016b0        0xc Src\i2c_lcd_1602.o
                0x080016b0                backlight_enable
 .text.LCD_SendString
                0x080016bc       0x16 Src\i2c_lcd_1602.o
                0x080016bc                LCD_SendString
 *fill*         0x080016d2        0x2 
 .text.init     0x080016d4       0x34 Src\i2c_lcd_1602.o
                0x080016d4                init
 .text.lcd_send_string
                0x08001708       0x1e Src\i2c_lcd_1602.o
                0x08001708                lcd_send_string
 *fill*         0x08001726        0x2 
 .text.SystemClock_Config
                0x08001728       0x94 Src\main.o
                0x08001728                SystemClock_Config
 .text.startup.main
                0x080017bc       0x5c Src\main.o
                0x080017bc                main
 .text.Error_Handler
                0x08001818        0x2 Src\main.o
                0x08001818                Error_Handler
 *fill*         0x0800181a        0x2 
 .text.HAL_MspInit
                0x0800181c       0x38 Src\stm32f4xx_hal_msp.o
                0x0800181c                HAL_MspInit
 .text.NMI_Handler
                0x08001854        0x2 Src\stm32f4xx_it.o
                0x08001854                NMI_Handler
 .text.HardFault_Handler
                0x08001856        0x2 Src\stm32f4xx_it.o
                0x08001856                HardFault_Handler
 .text.MemManage_Handler
                0x08001858        0x2 Src\stm32f4xx_it.o
                0x08001858                MemManage_Handler
 .text.BusFault_Handler
                0x0800185a        0x2 Src\stm32f4xx_it.o
                0x0800185a                BusFault_Handler
 .text.UsageFault_Handler
                0x0800185c        0x2 Src\stm32f4xx_it.o
                0x0800185c                UsageFault_Handler
 .text.SVC_Handler
                0x0800185e        0x2 Src\stm32f4xx_it.o
                0x0800185e                SVC_Handler
 .text.DebugMon_Handler
                0x08001860        0x2 Src\stm32f4xx_it.o
                0x08001860                DebugMon_Handler
 .text.PendSV_Handler
                0x08001862        0x2 Src\stm32f4xx_it.o
                0x08001862                PendSV_Handler
 .text.SysTick_Handler
                0x08001864        0x4 Src\stm32f4xx_it.o
                0x08001864                SysTick_Handler
 .text.SystemInit
                0x08001868       0x4c Src\system_stm32f4xx.o
                0x08001868                SystemInit
 .text.MX_USART2_UART_Init
                0x080018b4       0x38 Src\usart.o
                0x080018b4                MX_USART2_UART_Init
 .text.HAL_UART_MspInit
                0x080018ec       0x70 Src\usart.o
                0x080018ec                HAL_UART_MspInit
 .text.Reset_Handler
                0x0800195c       0x50 startup\startup_stm32f411xe.o
                0x0800195c                Reset_Handler
 .text.Default_Handler
                0x080019ac        0x2 startup\startup_stm32f411xe.o
                0x080019ac                RTC_Alarm_IRQHandler
                0x080019ac                EXTI2_IRQHandler
                0x080019ac                SPI4_IRQHandler
                0x080019ac                TIM1_CC_IRQHandler
                0x080019ac                DMA2_Stream5_IRQHandler
                0x080019ac                DMA1_Stream5_IRQHandler
                0x080019ac                PVD_IRQHandler
                0x080019ac                SDIO_IRQHandler
                0x080019ac                TAMP_STAMP_IRQHandler
                0x080019ac                EXTI3_IRQHandler
                0x080019ac                TIM1_UP_TIM10_IRQHandler
                0x080019ac                I2C3_ER_IRQHandler
                0x080019ac                EXTI0_IRQHandler
                0x080019ac                I2C2_EV_IRQHandler
                0x080019ac                DMA1_Stream2_IRQHandler
                0x080019ac                FPU_IRQHandler
                0x080019ac                DMA2_Stream2_IRQHandler
                0x080019ac                SPI1_IRQHandler
                0x080019ac                TIM1_BRK_TIM9_IRQHandler
                0x080019ac                DMA2_Stream3_IRQHandler
                0x080019ac                USART6_IRQHandler
                0x080019ac                DMA2_Stream0_IRQHandler
                0x080019ac                TIM4_IRQHandler
                0x080019ac                I2C1_EV_IRQHandler
                0x080019ac                DMA1_Stream6_IRQHandler
                0x080019ac                DMA1_Stream1_IRQHandler
                0x080019ac                TIM3_IRQHandler
                0x080019ac                RCC_IRQHandler
                0x080019ac                Default_Handler
                0x080019ac                EXTI15_10_IRQHandler
                0x080019ac                ADC_IRQHandler
                0x080019ac                DMA1_Stream7_IRQHandler
                0x080019ac                SPI5_IRQHandler
                0x080019ac                TIM5_IRQHandler
                0x080019ac                DMA2_Stream7_IRQHandler
                0x080019ac                I2C3_EV_IRQHandler
                0x080019ac                EXTI9_5_IRQHandler
                0x080019ac                RTC_WKUP_IRQHandler
                0x080019ac                SPI2_IRQHandler
                0x080019ac                DMA1_Stream0_IRQHandler
                0x080019ac                EXTI4_IRQHandler
                0x080019ac                WWDG_IRQHandler
                0x080019ac                TIM2_IRQHandler
                0x080019ac                OTG_FS_WKUP_IRQHandler
                0x080019ac                TIM1_TRG_COM_TIM11_IRQHandler
                0x080019ac                EXTI1_IRQHandler
                0x080019ac                USART2_IRQHandler
                0x080019ac                I2C2_ER_IRQHandler
                0x080019ac                DMA2_Stream1_IRQHandler
                0x080019ac                FLASH_IRQHandler
                0x080019ac                DMA2_Stream4_IRQHandler
                0x080019ac                USART1_IRQHandler
                0x080019ac                OTG_FS_IRQHandler
                0x080019ac                SPI3_IRQHandler
                0x080019ac                DMA1_Stream4_IRQHandler
                0x080019ac                I2C1_ER_IRQHandler
                0x080019ac                DMA2_Stream6_IRQHandler
                0x080019ac                DMA1_Stream3_IRQHandler
 *fill*         0x080019ae        0x2 
 .text.__libc_init_array
                0x080019b0       0x48 c:/program files (x86)/atollic/truestudio for stm32 9.1.0/armtools/bin/../lib/gcc/arm-atollic-eabi/6.3.1/../../../../arm-atollic-eabi/lib/armv7e-m/fpu\libc_nano.a(lib_a-init.o)
                0x080019b0                __libc_init_array
 .text.memset   0x080019f8       0x10 c:/program files (x86)/atollic/truestudio for stm32 9.1.0/armtools/bin/../lib/gcc/arm-atollic-eabi/6.3.1/../../../../arm-atollic-eabi/lib/armv7e-m/fpu\libc_nano.a(lib_a-memset.o)
                0x080019f8                memset
 *(.glue_7)
 .glue_7        0x08001a08        0x0 linker stubs
 *(.glue_7t)
 .glue_7t       0x08001a08        0x0 linker stubs
 *(.eh_frame)
 .eh_frame      0x08001a08        0x0 c:/program files (x86)/atollic/truestudio for stm32 9.1.0/armtools/bin/../lib/gcc/arm-atollic-eabi/6.3.1/armv7e-m/fpu/crtbegin.o
 *(.init)
 .init          0x08001a08        0x4 c:/program files (x86)/atollic/truestudio for stm32 9.1.0/armtools/bin/../lib/gcc/arm-atollic-eabi/6.3.1/armv7e-m/fpu/crti.o
                0x08001a08                _init
 .init          0x08001a0c        0x8 c:/program files (x86)/atollic/truestudio for stm32 9.1.0/armtools/bin/../lib/gcc/arm-atollic-eabi/6.3.1/armv7e-m/fpu/crtn.o
 *(.fini)
 .fini          0x08001a14        0x4 c:/program files (x86)/atollic/truestudio for stm32 9.1.0/armtools/bin/../lib/gcc/arm-atollic-eabi/6.3.1/armv7e-m/fpu/crti.o
                0x08001a14                _fini
 .fini          0x08001a18        0x8 c:/program files (x86)/atollic/truestudio for stm32 9.1.0/armtools/bin/../lib/gcc/arm-atollic-eabi/6.3.1/armv7e-m/fpu/crtn.o
                0x08001a20                . = ALIGN (0x4)
                0x08001a20                _etext = .

.vfp11_veneer   0x08001a20        0x0
 .vfp11_veneer  0x08001a20        0x0 linker stubs

.v4_bx          0x08001a20        0x0
 .v4_bx         0x08001a20        0x0 linker stubs

.iplt           0x08001a20        0x0
 .iplt          0x08001a20        0x0 c:/program files (x86)/atollic/truestudio for stm32 9.1.0/armtools/bin/../lib/gcc/arm-atollic-eabi/6.3.1/armv7e-m/fpu/crtbegin.o

.rodata         0x08001a20       0x48
                0x08001a20                . = ALIGN (0x4)
 *(.rodata)
 *(.rodata*)
 .rodata.init.str1.1
                0x08001a20       0x20 Src\i2c_lcd_1602.o
 .rodata.main.str1.1
                0x08001a40       0x10 Src\main.o
                                 0x1f (size before relaxing)
 .rodata.AHBPrescTable
                0x08001a50       0x10 Src\system_stm32f4xx.o
                0x08001a50                AHBPrescTable
 .rodata.APBPrescTable
                0x08001a60        0x8 Src\system_stm32f4xx.o
                0x08001a60                APBPrescTable
                0x08001a68                . = ALIGN (0x4)

.ARM.extab
 *(.ARM.extab* .gnu.linkonce.armextab.*)

.ARM            0x08001a68        0x8
                0x08001a68                __exidx_start = .
 *(.ARM.exidx*)
 .ARM.exidx     0x08001a68        0x8 c:/program files (x86)/atollic/truestudio for stm32 9.1.0/armtools/bin/../lib/gcc/arm-atollic-eabi/6.3.1/armv7e-m/fpu\libgcc.a(_udivmoddi4.o)
                0x08001a70                __exidx_end = .

.rel.dyn        0x08001a70        0x0
 .rel.iplt      0x08001a70        0x0 c:/program files (x86)/atollic/truestudio for stm32 9.1.0/armtools/bin/../lib/gcc/arm-atollic-eabi/6.3.1/armv7e-m/fpu/crtbegin.o

.preinit_array  0x08001a70        0x0
                0x08001a70                PROVIDE (__preinit_array_start, .)
 *(.preinit_array*)
                0x08001a70                PROVIDE (__preinit_array_end, .)

.init_array     0x08001a70        0x4
                0x08001a70                PROVIDE (__init_array_start, .)
 *(SORT(.init_array.*))
 *(.init_array*)
 .init_array    0x08001a70        0x4 c:/program files (x86)/atollic/truestudio for stm32 9.1.0/armtools/bin/../lib/gcc/arm-atollic-eabi/6.3.1/armv7e-m/fpu/crtbegin.o
                0x08001a74                PROVIDE (__init_array_end, .)

.fini_array     0x08001a74        0x4
                [!provide]                PROVIDE (__fini_array_start, .)
 *(SORT(.fini_array.*))
 *(.fini_array*)
 .fini_array    0x08001a74        0x4 c:/program files (x86)/atollic/truestudio for stm32 9.1.0/armtools/bin/../lib/gcc/arm-atollic-eabi/6.3.1/armv7e-m/fpu/crtbegin.o
                [!provide]                PROVIDE (__fini_array_end, .)
                0x08001a78                _sidata = LOADADDR (.data)

.data           0x20000000        0xc load address 0x08001a78
                0x20000000                . = ALIGN (0x4)
                0x20000000                _sdata = .
 *(.data)
 *(.data*)
 .data.uwTickFreq
                0x20000000        0x1 Drivers\STM32F4xx_HAL_Driver\Src\stm32f4xx_hal.o
                0x20000000                uwTickFreq
 *fill*         0x20000001        0x3 
 .data.uwTickPrio
                0x20000004        0x4 Drivers\STM32F4xx_HAL_Driver\Src\stm32f4xx_hal.o
                0x20000004                uwTickPrio
 .data.SystemCoreClock
                0x20000008        0x4 Src\system_stm32f4xx.o
                0x20000008                SystemCoreClock
                0x2000000c                . = ALIGN (0x4)
                0x2000000c                _edata = .

.igot.plt       0x2000000c        0x0 load address 0x08001a84
 .igot.plt      0x2000000c        0x0 c:/program files (x86)/atollic/truestudio for stm32 9.1.0/armtools/bin/../lib/gcc/arm-atollic-eabi/6.3.1/armv7e-m/fpu/crtbegin.o
                0x2000000c                . = ALIGN (0x4)

.bss            0x2000000c       0xb8 load address 0x08001a84
                0x2000000c                _sbss = .
                0x2000000c                __bss_start__ = _sbss
 *(.bss)
 .bss           0x2000000c       0x1c c:/program files (x86)/atollic/truestudio for stm32 9.1.0/armtools/bin/../lib/gcc/arm-atollic-eabi/6.3.1/armv7e-m/fpu/crtbegin.o
 *(.bss*)
 *(COMMON)
 COMMON         0x20000028        0x4 Drivers\STM32F4xx_HAL_Driver\Src\stm32f4xx_hal.o
                0x20000028                uwTick
 COMMON         0x2000002c       0x54 Src\i2c.o
                0x2000002c                hi2c1
 COMMON         0x20000080        0x1 Src\i2c_lcd_1602.o
                0x20000080                _backlightval
 *fill*         0x20000081        0x3 
 COMMON         0x20000084       0x40 Src\usart.o
                0x20000084                huart2
                0x200000c4                . = ALIGN (0x4)
                0x200000c4                _ebss = .
                0x200000c4                __bss_end__ = _ebss

._user_heap_stack
                0x200000c4      0x600 load address 0x08001a84
                0x200000c4                . = ALIGN (0x4)
                0x200000c4                PROVIDE (end, .)
                [!provide]                PROVIDE (_end, .)
                0x200002c4                . = (. + _Min_Heap_Size)
 *fill*         0x200000c4      0x200 
                0x200006c4                . = (. + _Min_Stack_Size)
 *fill*         0x200002c4      0x400 
                0x200006c4                . = ALIGN (0x4)

/DISCARD/
 libc.a(*)
 libm.a(*)
 libgcc.a(*)

.ARM.attributes
                0x00000000       0x30
 *(.ARM.attributes)
 .ARM.attributes
                0x00000000       0x22 c:/program files (x86)/atollic/truestudio for stm32 9.1.0/armtools/bin/../lib/gcc/arm-atollic-eabi/6.3.1/armv7e-m/fpu/crti.o
 .ARM.attributes
                0x00000022       0x34 c:/program files (x86)/atollic/truestudio for stm32 9.1.0/armtools/bin/../lib/gcc/arm-atollic-eabi/6.3.1/armv7e-m/fpu/crtbegin.o
 .ARM.attributes
                0x00000056       0x39 Drivers\STM32F4xx_HAL_Driver\Src\stm32f4xx_hal.o
 .ARM.attributes
                0x0000008f       0x39 Drivers\STM32F4xx_HAL_Driver\Src\stm32f4xx_hal_cortex.o
 .ARM.attributes
                0x000000c8       0x39 Drivers\STM32F4xx_HAL_Driver\Src\stm32f4xx_hal_gpio.o
 .ARM.attributes
                0x00000101       0x39 Drivers\STM32F4xx_HAL_Driver\Src\stm32f4xx_hal_i2c.o
 .ARM.attributes
                0x0000013a       0x39 Drivers\STM32F4xx_HAL_Driver\Src\stm32f4xx_hal_rcc.o
 .ARM.attributes
                0x00000173       0x39 Drivers\STM32F4xx_HAL_Driver\Src\stm32f4xx_hal_uart.o
 .ARM.attributes
                0x000001ac       0x39 Src\gpio.o
 .ARM.attributes
                0x000001e5       0x39 Src\i2c.o
 .ARM.attributes
                0x0000021e       0x39 Src\i2c_lcd_1602.o
 .ARM.attributes
                0x00000257       0x39 Src\main.o
 .ARM.attributes
                0x00000290       0x39 Src\stm32f4xx_hal_msp.o
 .ARM.attributes
                0x000002c9       0x39 Src\stm32f4xx_it.o
 .ARM.attributes
                0x00000302       0x39 Src\system_stm32f4xx.o
 .ARM.attributes
                0x0000033b       0x39 Src\usart.o
 .ARM.attributes
                0x00000374       0x21 startup\startup_stm32f411xe.o
 .ARM.attributes
                0x00000395       0x34 c:/program files (x86)/atollic/truestudio for stm32 9.1.0/armtools/bin/../lib/gcc/arm-atollic-eabi/6.3.1/../../../../arm-atollic-eabi/lib/armv7e-m/fpu\libc_nano.a(lib_a-init.o)
 .ARM.attributes
                0x000003c9       0x34 c:/program files (x86)/atollic/truestudio for stm32 9.1.0/armtools/bin/../lib/gcc/arm-atollic-eabi/6.3.1/../../../../arm-atollic-eabi/lib/armv7e-m/fpu\libc_nano.a(lib_a-memset.o)
 .ARM.attributes
                0x000003fd       0x22 c:/program files (x86)/atollic/truestudio for stm32 9.1.0/armtools/bin/../lib/gcc/arm-atollic-eabi/6.3.1/armv7e-m/fpu\libgcc.a(_aeabi_uldivmod.o)
 .ARM.attributes
                0x0000041f       0x34 c:/program files (x86)/atollic/truestudio for stm32 9.1.0/armtools/bin/../lib/gcc/arm-atollic-eabi/6.3.1/armv7e-m/fpu\libgcc.a(_udivmoddi4.o)
 .ARM.attributes
                0x00000453       0x22 c:/program files (x86)/atollic/truestudio for stm32 9.1.0/armtools/bin/../lib/gcc/arm-atollic-eabi/6.3.1/armv7e-m/fpu\libgcc.a(_dvmd_tls.o)
 .ARM.attributes
                0x00000475       0x22 c:/program files (x86)/atollic/truestudio for stm32 9.1.0/armtools/bin/../lib/gcc/arm-atollic-eabi/6.3.1/armv7e-m/fpu/crtn.o
OUTPUT(lcd.elf elf32-littlearm)

.debug_info     0x00000000    0x11aeb
 .debug_info    0x00000000     0x1180 Drivers\STM32F4xx_HAL_Driver\Src\stm32f4xx_hal.o
 .debug_info    0x00001180     0x16b4 Drivers\STM32F4xx_HAL_Driver\Src\stm32f4xx_hal_cortex.o
 .debug_info    0x00002834      0xfb0 Drivers\STM32F4xx_HAL_Driver\Src\stm32f4xx_hal_gpio.o
 .debug_info    0x000037e4     0x3791 Drivers\STM32F4xx_HAL_Driver\Src\stm32f4xx_hal_i2c.o
 .debug_info    0x00006f75     0x1293 Drivers\STM32F4xx_HAL_Driver\Src\stm32f4xx_hal_rcc.o
 .debug_info    0x00008208     0x1e9b Drivers\STM32F4xx_HAL_Driver\Src\stm32f4xx_hal_uart.o
 .debug_info    0x0000a0a3      0xb6b Src\gpio.o
 .debug_info    0x0000ac0e     0x1272 Src\i2c.o
 .debug_info    0x0000be80     0x1205 Src\i2c_lcd_1602.o
 .debug_info    0x0000d085     0x15c8 Src\main.o
 .debug_info    0x0000e64d      0xb4f Src\stm32f4xx_hal_msp.o
 .debug_info    0x0000f19c      0x9c9 Src\stm32f4xx_it.o
 .debug_info    0x0000fb65      0xd46 Src\system_stm32f4xx.o
 .debug_info    0x000108ab     0x11d1 Src\usart.o
 .debug_info    0x00011a7c       0x6f startup\startup_stm32f411xe.o

.debug_abbrev   0x00000000     0x2448
 .debug_abbrev  0x00000000      0x308 Drivers\STM32F4xx_HAL_Driver\Src\stm32f4xx_hal.o
 .debug_abbrev  0x00000308      0x399 Drivers\STM32F4xx_HAL_Driver\Src\stm32f4xx_hal_cortex.o
 .debug_abbrev  0x000006a1      0x268 Drivers\STM32F4xx_HAL_Driver\Src\stm32f4xx_hal_gpio.o
 .debug_abbrev  0x00000909      0x3b4 Drivers\STM32F4xx_HAL_Driver\Src\stm32f4xx_hal_i2c.o
 .debug_abbrev  0x00000cbd      0x353 Drivers\STM32F4xx_HAL_Driver\Src\stm32f4xx_hal_rcc.o
 .debug_abbrev  0x00001010      0x397 Drivers\STM32F4xx_HAL_Driver\Src\stm32f4xx_hal_uart.o
 .debug_abbrev  0x000013a7      0x1a8 Src\gpio.o
 .debug_abbrev  0x0000154f      0x24d Src\i2c.o
 .debug_abbrev  0x0000179c      0x295 Src\i2c_lcd_1602.o
 .debug_abbrev  0x00001a31      0x265 Src\main.o
 .debug_abbrev  0x00001c96      0x1a8 Src\stm32f4xx_hal_msp.o
 .debug_abbrev  0x00001e3e      0x1e1 Src\stm32f4xx_it.o
 .debug_abbrev  0x0000201f      0x1ca Src\system_stm32f4xx.o
 .debug_abbrev  0x000021e9      0x24d Src\usart.o
 .debug_abbrev  0x00002436       0x12 startup\startup_stm32f411xe.o

.debug_loc      0x00000000     0x4ff3
 .debug_loc     0x00000000      0x11b Drivers\STM32F4xx_HAL_Driver\Src\stm32f4xx_hal.o
 .debug_loc     0x0000011b      0x4fb Drivers\STM32F4xx_HAL_Driver\Src\stm32f4xx_hal_cortex.o
 .debug_loc     0x00000616      0x381 Drivers\STM32F4xx_HAL_Driver\Src\stm32f4xx_hal_gpio.o
 .debug_loc     0x00000997     0x2bba Drivers\STM32F4xx_HAL_Driver\Src\stm32f4xx_hal_i2c.o
 .debug_loc     0x00003551      0x336 Drivers\STM32F4xx_HAL_Driver\Src\stm32f4xx_hal_rcc.o
 .debug_loc     0x00003887     0x132c Drivers\STM32F4xx_HAL_Driver\Src\stm32f4xx_hal_uart.o
 .debug_loc     0x00004bb3       0x58 Src\i2c.o
 .debug_loc     0x00004c0b      0x274 Src\i2c_lcd_1602.o
 .debug_loc     0x00004e7f      0x11c Src\system_stm32f4xx.o
 .debug_loc     0x00004f9b       0x58 Src\usart.o

.debug_aranges  0x00000000      0x730
 .debug_aranges
                0x00000000       0xd8 Drivers\STM32F4xx_HAL_Driver\Src\stm32f4xx_hal.o
 .debug_aranges
                0x000000d8       0xa8 Drivers\STM32F4xx_HAL_Driver\Src\stm32f4xx_hal_cortex.o
 .debug_aranges
                0x00000180       0x58 Drivers\STM32F4xx_HAL_Driver\Src\stm32f4xx_hal_gpio.o
 .debug_aranges
                0x000001d8      0x190 Drivers\STM32F4xx_HAL_Driver\Src\stm32f4xx_hal_i2c.o
 .debug_aranges
                0x00000368       0x88 Drivers\STM32F4xx_HAL_Driver\Src\stm32f4xx_hal_rcc.o
 .debug_aranges
                0x000003f0      0x170 Drivers\STM32F4xx_HAL_Driver\Src\stm32f4xx_hal_uart.o
 .debug_aranges
                0x00000560       0x20 Src\gpio.o
 .debug_aranges
                0x00000580       0x30 Src\i2c.o
 .debug_aranges
                0x000005b0       0x68 Src\i2c_lcd_1602.o
 .debug_aranges
                0x00000618       0x30 Src\main.o
 .debug_aranges
                0x00000648       0x20 Src\stm32f4xx_hal_msp.o
 .debug_aranges
                0x00000668       0x48 Src\stm32f4xx_it.o
 .debug_aranges
                0x000006b0       0x28 Src\system_stm32f4xx.o
 .debug_aranges
                0x000006d8       0x30 Src\usart.o
 .debug_aranges
                0x00000708       0x28 startup\startup_stm32f411xe.o

.debug_ranges   0x00000000      0x960
 .debug_ranges  0x00000000       0xc8 Drivers\STM32F4xx_HAL_Driver\Src\stm32f4xx_hal.o
 .debug_ranges  0x000000c8      0x138 Drivers\STM32F4xx_HAL_Driver\Src\stm32f4xx_hal_cortex.o
 .debug_ranges  0x00000200       0x68 Drivers\STM32F4xx_HAL_Driver\Src\stm32f4xx_hal_gpio.o
 .debug_ranges  0x00000268      0x358 Drivers\STM32F4xx_HAL_Driver\Src\stm32f4xx_hal_i2c.o
 .debug_ranges  0x000005c0       0xb0 Drivers\STM32F4xx_HAL_Driver\Src\stm32f4xx_hal_rcc.o
 .debug_ranges  0x00000670      0x178 Drivers\STM32F4xx_HAL_Driver\Src\stm32f4xx_hal_uart.o
 .debug_ranges  0x000007e8       0x10 Src\gpio.o
 .debug_ranges  0x000007f8       0x38 Src\i2c.o
 .debug_ranges  0x00000830       0x58 Src\i2c_lcd_1602.o
 .debug_ranges  0x00000888       0x20 Src\main.o
 .debug_ranges  0x000008a8       0x10 Src\stm32f4xx_hal_msp.o
 .debug_ranges  0x000008b8       0x38 Src\stm32f4xx_it.o
 .debug_ranges  0x000008f0       0x18 Src\system_stm32f4xx.o
 .debug_ranges  0x00000908       0x38 Src\usart.o
 .debug_ranges  0x00000940       0x20 startup\startup_stm32f411xe.o

.debug_line     0x00000000     0x4f50
 .debug_line    0x00000000      0x492 Drivers\STM32F4xx_HAL_Driver\Src\stm32f4xx_hal.o
 .debug_line    0x00000492      0x4dc Drivers\STM32F4xx_HAL_Driver\Src\stm32f4xx_hal_cortex.o
 .debug_line    0x0000096e      0x45e Drivers\STM32F4xx_HAL_Driver\Src\stm32f4xx_hal_gpio.o
 .debug_line    0x00000dcc     0x1887 Drivers\STM32F4xx_HAL_Driver\Src\stm32f4xx_hal_i2c.o
 .debug_line    0x00002653      0x58b Drivers\STM32F4xx_HAL_Driver\Src\stm32f4xx_hal_rcc.o
 .debug_line    0x00002bde      0xbef Drivers\STM32F4xx_HAL_Driver\Src\stm32f4xx_hal_uart.o
 .debug_line    0x000037cd      0x238 Src\gpio.o
 .debug_line    0x00003a05      0x315 Src\i2c.o
 .debug_line    0x00003d1a      0x39a Src\i2c_lcd_1602.o
 .debug_line    0x000040b4      0x397 Src\main.o
 .debug_line    0x0000444b      0x245 Src\stm32f4xx_hal_msp.o
 .debug_line    0x00004690      0x2b4 Src\stm32f4xx_it.o
 .debug_line    0x00004944      0x275 Src\system_stm32f4xx.o
 .debug_line    0x00004bb9      0x318 Src\usart.o
 .debug_line    0x00004ed1       0x7f startup\startup_stm32f411xe.o

.debug_str      0x00000000     0x2c1f
 .debug_str     0x00000000      0xdc5 Drivers\STM32F4xx_HAL_Driver\Src\stm32f4xx_hal.o
                                0xe6b (size before relaxing)
 .debug_str     0x00000dc5      0x3ca Drivers\STM32F4xx_HAL_Driver\Src\stm32f4xx_hal_cortex.o
                                0xf30 (size before relaxing)
 .debug_str     0x0000118f      0x1d8 Drivers\STM32F4xx_HAL_Driver\Src\stm32f4xx_hal_gpio.o
                                0x970 (size before relaxing)
 .debug_str     0x00001367      0xca9 Drivers\STM32F4xx_HAL_Driver\Src\stm32f4xx_hal_i2c.o
                               0x13a9 (size before relaxing)
 .debug_str     0x00002010      0x2c9 Drivers\STM32F4xx_HAL_Driver\Src\stm32f4xx_hal_rcc.o
                                0xb43 (size before relaxing)
 .debug_str     0x000022d9      0x6cd Drivers\STM32F4xx_HAL_Driver\Src\stm32f4xx_hal_uart.o
                               0x1060 (size before relaxing)
 .debug_str     0x000029a6       0x1b Src\gpio.o
                                0x74c (size before relaxing)
 .debug_str     0x000029c1       0x3f Src\i2c.o
                                0xd2f (size before relaxing)
 .debug_str     0x00002a00       0xbe Src\i2c_lcd_1602.o
                                0xc44 (size before relaxing)
 .debug_str     0x00002abe       0x41 Src\main.o
                                0xfe7 (size before relaxing)
 .debug_str     0x00002aff       0x1b Src\stm32f4xx_hal_msp.o
                                0x758 (size before relaxing)
 .debug_str     0x00002b1a       0xa6 Src\stm32f4xx_it.o
                                0x6ce (size before relaxing)
 .debug_str     0x00002bc0       0x45 Src\system_stm32f4xx.o
                                0x7d4 (size before relaxing)
 .debug_str     0x00002c05       0x1a Src\usart.o
                                0xc54 (size before relaxing)

.comment        0x00000000       0x7c
 .comment       0x00000000       0x7c Drivers\STM32F4xx_HAL_Driver\Src\stm32f4xx_hal.o
                                 0x7d (size before relaxing)
 .comment       0x0000007c       0x7d Drivers\STM32F4xx_HAL_Driver\Src\stm32f4xx_hal_cortex.o
 .comment       0x0000007c       0x7d Drivers\STM32F4xx_HAL_Driver\Src\stm32f4xx_hal_gpio.o
 .comment       0x0000007c       0x7d Drivers\STM32F4xx_HAL_Driver\Src\stm32f4xx_hal_i2c.o
 .comment       0x0000007c       0x7d Drivers\STM32F4xx_HAL_Driver\Src\stm32f4xx_hal_rcc.o
 .comment       0x0000007c       0x7d Drivers\STM32F4xx_HAL_Driver\Src\stm32f4xx_hal_uart.o
 .comment       0x0000007c       0x7d Src\gpio.o
 .comment       0x0000007c       0x7d Src\i2c.o
 .comment       0x0000007c       0x7d Src\i2c_lcd_1602.o
 .comment       0x0000007c       0x7d Src\main.o
 .comment       0x0000007c       0x7d Src\stm32f4xx_hal_msp.o
 .comment       0x0000007c       0x7d Src\stm32f4xx_it.o
 .comment       0x0000007c       0x7d Src\system_stm32f4xx.o
 .comment       0x0000007c       0x7d Src\usart.o

.debug_frame    0x00000000     0x1448
 .debug_frame   0x00000000      0x1d0 Drivers\STM32F4xx_HAL_Driver\Src\stm32f4xx_hal.o
 .debug_frame   0x000001d0      0x158 Drivers\STM32F4xx_HAL_Driver\Src\stm32f4xx_hal_cortex.o
 .debug_frame   0x00000328       0xd8 Drivers\STM32F4xx_HAL_Driver\Src\stm32f4xx_hal_gpio.o
 .debug_frame   0x00000400      0x684 Drivers\STM32F4xx_HAL_Driver\Src\stm32f4xx_hal_i2c.o
 .debug_frame   0x00000a84      0x13c Drivers\STM32F4xx_HAL_Driver\Src\stm32f4xx_hal_rcc.o
 .debug_frame   0x00000bc0      0x4a0 Drivers\STM32F4xx_HAL_Driver\Src\stm32f4xx_hal_uart.o
 .debug_frame   0x00001060       0x28 Src\gpio.o
 .debug_frame   0x00001088       0x60 Src\i2c.o
 .debug_frame   0x000010e8       0xfc Src\i2c_lcd_1602.o
 .debug_frame   0x000011e4       0x58 Src\main.o
 .debug_frame   0x0000123c       0x28 Src\stm32f4xx_hal_msp.o
 .debug_frame   0x00001264       0xa0 Src\stm32f4xx_it.o
 .debug_frame   0x00001304       0x38 Src\system_stm32f4xx.o
 .debug_frame   0x0000133c       0x60 Src\usart.o
 .debug_frame   0x0000139c       0x2c c:/program files (x86)/atollic/truestudio for stm32 9.1.0/armtools/bin/../lib/gcc/arm-atollic-eabi/6.3.1/../../../../arm-atollic-eabi/lib/armv7e-m/fpu\libc_nano.a(lib_a-init.o)
 .debug_frame   0x000013c8       0x20 c:/program files (x86)/atollic/truestudio for stm32 9.1.0/armtools/bin/../lib/gcc/arm-atollic-eabi/6.3.1/../../../../arm-atollic-eabi/lib/armv7e-m/fpu\libc_nano.a(lib_a-memset.o)
 .debug_frame   0x000013e8       0x2c c:/program files (x86)/atollic/truestudio for stm32 9.1.0/armtools/bin/../lib/gcc/arm-atollic-eabi/6.3.1/armv7e-m/fpu\libgcc.a(_aeabi_uldivmod.o)
 .debug_frame   0x00001414       0x34 c:/program files (x86)/atollic/truestudio for stm32 9.1.0/armtools/bin/../lib/gcc/arm-atollic-eabi/6.3.1/armv7e-m/fpu\libgcc.a(_udivmoddi4.o)
